14
20
3
7
75
17
32
true
true
true
true
true
-5
false
25
28
false
