<string>:2:7: error: division by zero
    4 / 0;
      ^
