<string>:4:9: error: break outside a loop
        break;
        ^^^^^^
