<string>:2:7: error: operator + cannot be applied to Int and Null
    5 + null;
      ^
