<string>:3:5: error: index cannot be negative
    list[-1] = 99;
    ^^^^^^^^
