<string>:3:11: error: index must be an integer
    print(list["hello"]);
          ^^^^^^^^^^^^^
