<string>:1:5: error: function main expects 1 argument, but 0 were provided
fun main(arg) {
    ^^^^
