<string>:2:5: error: unary negation cannot be applied to Bool
    -true;
    ^
