<string>:6:5: error: function add expects 2 arguments, but 3 were provided
    add(1, 2, 3);
    ^^^^^^^^^^^^
