<string>:3:9: error: undeclared variable "y"
    x + y;
        ^
