<string>:3:11: error: index cannot be negative
    print(list[-1]);
          ^^^^^^^^
