<string>:1:1: error: expected a boolean value
5 && true;
^
