<string>:3:5: error: not a function: 42
    a(8);
    ^^^^
