<string>:1:10: error: parameter a already defined
fun f(a, a) {
         ^
