<string>:4:9: error: continue outside a loop
        continue;
        ^^^^^^^^^
