43
<built-in function str>
<function main at 0x3>
