[]
[1]
[1, 2, 3]
[1, 2, 3, 4, 5]
[1, 2, 3, 4]
[1, 2]
[1, 2]
[]
[1, 2, 1, 2, 1, 2]
[1, 2, 1, 2, 1, 2]
[]
[]
[]
true
false
false
true
false
true
[[1, 2], [3, 4]]
true
false
["a", "b", "c"]
["hello", "world", "!"]
0
3
5
