<string>:2:5: error: break outside a loop
    break;
    ^^^^^^