72
101
108
108
111
108
111
97
100
120
121
67
9
13
10
0
