Token { tt: IntLiteral, span: @0:0-1, name: None }: "0"
Token { tt: IntLiteral, span: @0:2-5, name: None }: "123"
Token { tt: Eof, span: @0:5-5, name: None }: ""
