<string>:1:1: error: bitwise or not supported
|
^
