<string>:2:7: error: expected expression, not RParen
    ( )
      ^