<string>:2:11: error: expected Semicolon, not LParen
    4 + 5 ()
          ^