Program @<string>:5:1-1
  FunDecl("main") @<string>:1:5-9
    Block @<string>:1-12:4-2
      VarDecl @<string>:2:5-16
        name: "a" @<string>:2:9-10
        IntLiteral(21) @<string>:2:13-15
      Assign @<string>:3:5-14
        Var("a") @<string>:3:5-6
        Binary @<string>:3:9-14
          op: Mul @<string>:3:11-12
          Var("a") @<string>:3:9-10
          IntLiteral(2) @<string>:3:13-14
